qos-audit  tag=run  time=20260608-014108

---------------------------------------------------------------
== 1. ALL qdiscs on ALL devices
---------------------------------------------------------------
qdisc noqueue 0: dev lo root refcnt 2 
qdisc mq 0: dev eth0 root 
qdisc fq_codel 0: dev eth0 parent :2 limit 10240p flows 1024 quantum 1514 target 5ms interval 100ms memory_limit 32Mb ecn drop_batch 64 
qdisc fq_codel 0: dev eth0 parent :1 limit 10240p flows 1024 quantum 1514 target 5ms interval 100ms memory_limit 32Mb ecn drop_batch 64 
qdisc mq 0: dev eth1 root 
qdisc fq_codel 0: dev eth1 parent :2 limit 10240p flows 1024 quantum 1514 target 5ms interval 100ms memory_limit 32Mb ecn drop_batch 64 
qdisc fq_codel 0: dev eth1 parent :1 limit 10240p flows 1024 quantum 1514 target 5ms interval 100ms memory_limit 32Mb ecn drop_batch 64 
qdisc mq 0: dev eth2 root 
qdisc fq_codel 0: dev eth2 parent :2 limit 10240p flows 1024 quantum 1514 target 5ms interval 100ms memory_limit 32Mb ecn drop_batch 64 
qdisc fq_codel 0: dev eth2 parent :1 limit 10240p flows 1024 quantum 1514 target 5ms interval 100ms memory_limit 32Mb ecn drop_batch 64 
qdisc mq 0: dev eth3 root 
qdisc fq_codel 0: dev eth3 parent :2 limit 10240p flows 1024 quantum 1514 target 5ms interval 100ms memory_limit 32Mb ecn drop_batch 64 
qdisc fq_codel 0: dev eth3 parent :1 limit 10240p flows 1024 quantum 1514 target 5ms interval 100ms memory_limit 32Mb ecn drop_batch 64 
qdisc noqueue 0: dev br-lan root refcnt 2 
qdisc cake 800c: dev ifb4eth1 root refcnt 2 bandwidth 47Mbit besteffort triple-isolate nat wash no-ack-filter split-gso rtt 100ms atm overhead 44 

---------------------------------------------------------------
== 2. Does any HFSC / class 1:20 / 1:60 exist ANYWHERE?
---------------------------------------------------------------
none found on any device

---------------------------------------------------------------
== 3. The REAL shaper: CAKE on ifb-eth1
---------------------------------------------------------------
Cannot find device "ifb-eth1"

---------------------------------------------------------------
== 4. Is UPLOAD/egress direction shaped?
---------------------------------------------------------------
-- dev eth0 root qdisc:
     qdisc mq 0: root 
-- dev eth1 root qdisc:
     qdisc mq 0: root 
-- dev eth2 root qdisc:
     qdisc mq 0: root 
-- dev eth3 root qdisc:
     qdisc mq 0: root 

---------------------------------------------------------------
== 5. Per-tin CAKE detail
---------------------------------------------------------------
Cannot find device "ifb-eth1"

---------------------------------------------------------------
== 6. qosmate config
---------------------------------------------------------------

config global 'global'
	option enabled '0'

config settings 'settings'
	option WAN 'eth1'
	option DOWNRATE '120000'
	option UPRATE '85000'
	option ROOT_QDISC 'hfsc'

config advanced 'advanced'
	option PRESERVE_CONFIG_FILES '1'
	option WASHDSCPUP '1'
	option WASHDSCPDOWN '1'
	option BWMAXRATIO '20'
	option UDP_RATE_LIMIT_ENABLED '0'
	option TCP_UPGRADE_ENABLED '1'
	option TCP_DOWNPRIO_INITIAL_ENABLED '1'
	option TCP_DOWNPRIO_SUSTAINED_ENABLED '1'
	option MSS '536'
	option NFT_HOOK 'forward'
	option NFT_PRIORITY '0'
	option MAX_CONNECTIONS '0'
	option COMMON_LINK_PRESETS 'ethernet'

config hfsc 'hfsc'
	option gameqdisc 'pfifo'
	option GAMEUP '5'
	option GAMEDOWN '5'
	option nongameqdisc 'fq_codel'
	option nongameqdiscoptions 'besteffort ack-filter'
	option MAXDEL '8'
	option PFIFOMIN '1'
	option PACKETSIZE '150'
	option netemdelayms '0'
	option netemjitterms '0'
	option netemdist 'normal'
	option pktlossp 'none'
	option netem_direction 'both'

config cake 'cake'
	option PRIORITY_QUEUE_INGRESS 'diffserv4'
	option PRIORITY_QUEUE_EGRESS 'diffserv4'
	option USE_MQ '0'
	option HOST_ISOLATION '1'
	option NAT_INGRESS '1'
	option NAT_EGRESS '1'
	option ACK_FILTER_EGRESS 'auto'
	option AUTORATE_INGRESS '0'

config custom_rules 'custom_rules'

config autorate 'autorate'
	option enabled '0'
	option interval '50'
	option latency_increase_threshold '5'
	option latency_decrease_threshold '10'
	option reflectors '1.1.1.1 8.8.8.8 9.9.9.9'
	option refractory_increase '3'
	option refractory_decrease '1'
	option adjust_up_factor '102'
	option adjust_down_factor '90'
	option flash_history '0'
	option log_changes '0'


---------------------------------------------------------------
== 7. Packages + service status
---------------------------------------------------------------
     kmod-sched-cake
     libsmartcols1
     luci-app-sqm
     sqm-scripts
     tc-full
     tcpdump
     uclient-fetch
qosmate status:
     ==== qosmate Status ====
     qosmate autostart is not enabled.
     qosmate global:enabled is false.
     No traffic shaping is active on the egress interface (eth1).
     No traffic shaping is active on the ingress interface (ifb-eth1).
     
     ==== Current Settings ====
     Upload rate: 85000 kbps
     Download rate: 120000 kbps
     Game traffic upload: 5 kbps
     Game traffic download: 5 kbps
     Queue discipline: pfifo (for game traffic in HFSC)
     
     ==== Version Information ====
     Backend versions:
       Update channel: release
       Current version: 1.8.0
       Latest version: 1.8.0
     Frontend versions:
       Update channel: release
       Current version: 1.8.0
       Latest version: 1.8.0
     
     QoSmate components 'BACKEND FRONTEND' are up to date.
     
     ==== System Information ====
     {
     	"kernel": "6.12.74",
     	"hostname": "OpenWrt",
     	"system": "Intel(R) Celeron(R) J4125 CPU @ 2.00GHz",
     	"model": "Protectli VP2410",
     	"board_name": "protectli-vp2410",
     	"rootfs_type": "ext4",
     	"release": {
     		"distribution": "OpenWrt",
     		"version": "25.12.2",
     		"firmware_url": "https://downloads.openwrt.org/",
     		"revision": "r32802-f505120278",
     		"target": "x86/64",
     		"description": "OpenWrt 25.12.2 r32802-f505120278",
     		"builddate": "1774469393"
     	}
     }
     
     ==== Health Check ====
     status=service:disabled;nft:failed;tc:failed;config:ok;packages:ok;BACKEND_integrity:ok;FRONTEND_integrity:ok;;errors=3
     
     ==== Flow Offloading Check ====
     Flow offloading is disabled (compatible with qosmate).
     
     ==== WAN Interface Information ====
     	"l3_device": "eth1",
     	"device": "eth1",
     
     ==== QoSmate Configuration ====
     
     config global 'global'
     	option enabled '0'
     
     config settings 'settings'
     	option WAN 'eth1'
     	option DOWNRATE '120000'
     	option UPRATE '85000'
     	option ROOT_QDISC 'hfsc'
     
     config advanced 'advanced'
     	option PRESERVE_CONFIG_FILES '1'
     	option WASHDSCPUP '1'
     	option WASHDSCPDOWN '1'
     	option BWMAXRATIO '20'
     	option UDP_RATE_LIMIT_ENABLED '0'
     	option TCP_UPGRADE_ENABLED '1'
     	option TCP_DOWNPRIO_INITIAL_ENABLED '1'
     	option TCP_DOWNPRIO_SUSTAINED_ENABLED '1'
     	option MSS '536'
     	option NFT_HOOK 'forward'
     	option NFT_PRIORITY '0'
     	option MAX_CONNECTIONS '0'
     	option COMMON_LINK_PRESETS 'ethernet'
     
     config hfsc 'hfsc'
     	option gameqdisc 'pfifo'
     	option GAMEUP '5'
     	option GAMEDOWN '5'
     	option nongameqdisc 'fq_codel'
     	option nongameqdiscoptions 'besteffort ack-filter'
     	option MAXDEL '8'
     	option PFIFOMIN '1'
     	option PACKETSIZE '150'
     	option netemdelayms '0'
     	option netemjitterms '0'
     	option netemdist 'normal'
     	option pktlossp 'none'
     	option netem_direction 'both'
     
     config cake 'cake'
     	option PRIORITY_QUEUE_INGRESS 'diffserv4'
     	option PRIORITY_QUEUE_EGRESS 'diffserv4'
     	option USE_MQ '0'
     	option HOST_ISOLATION '1'
     	option NAT_INGRESS '1'
     	option NAT_EGRESS '1'
     	option ACK_FILTER_EGRESS 'auto'
     	option AUTORATE_INGRESS '0'
     
     config custom_rules 'custom_rules'
     
     config autorate 'autorate'
     	option enabled '0'
     	option interval '50'
     	option latency_increase_threshold '5'
     	option latency_decrease_threshold '10'
     	option reflectors '1.1.1.1 8.8.8.8 9.9.9.9'
     	option refractory_increase '3'
     	option refractory_decrease '1'
     	option adjust_up_factor '102'
     	option adjust_down_factor '90'
     	option flash_history '0'
     	option log_changes '0'
     
     ==== Package Status ====
     All required packages are installed.
     
     ==== Detailed Technical Information ====
     Traffic Control (tc) Queues:
     qdisc noqueue 0: dev lo root refcnt 2 
      Sent 0 bytes 0 pkt (dropped 0, overlimits 0 requeues 0) 
      backlog 0b 0p requeues 0
     qdisc mq 0: dev eth0 root 
      Sent 113066772214 bytes 110004344 pkt (dropped 8069, overlimits 0 requeues 210824) 
      backlog 0b 0p requeues 210824
     qdisc fq_codel 0: dev eth0 parent :2 limit 10240p flows 1024 quantum 1514 target 5ms interval 100ms memory_limit 32Mb ecn drop_batch 64 
      Sent 47418425464 bytes 48474809 pkt (dropped 1946, overlimits 0 requeues 87574) 
      backlog 0b 0p requeues 87574
       maxpacket 1514 drop_overlimit 0 new_flow_count 86887 ecn_mark 0
       new_flows_len 0 old_flows_len 0
     qdisc fq_codel 0: dev eth0 parent :1 limit 10240p flows 1024 quantum 1514 target 5ms interval 100ms memory_limit 32Mb ecn drop_batch 64 
      Sent 65648346750 bytes 61529535 pkt (dropped 6123, overlimits 0 requeues 123250) 
      backlog 0b 0p requeues 123250
       maxpacket 1514 drop_overlimit 0 new_flow_count 253458 ecn_mark 0
       new_flows_len 0 old_flows_len 0
     qdisc mq 0: dev eth1 root 
      Sent 12015971189 bytes 21975236 pkt (dropped 0, overlimits 0 requeues 33989) 
      backlog 0b 0p requeues 33989
     qdisc fq_codel 0: dev eth1 parent :2 limit 10240p flows 1024 quantum 1514 target 5ms interval 100ms memory_limit 32Mb ecn drop_batch 64 
      Sent 4335701782 bytes 10238421 pkt (dropped 0, overlimits 0 requeues 14660) 
      backlog 0b 0p requeues 14660
       maxpacket 8844 drop_overlimit 0 new_flow_count 8023 ecn_mark 0
       new_flows_len 0 old_flows_len 0
     qdisc fq_codel 0: dev eth1 parent :1 limit 10240p flows 1024 quantum 1514 target 5ms interval 100ms memory_limit 32Mb ecn drop_batch 64 
      Sent 7680269407 bytes 11736815 pkt (dropped 0, overlimits 0 requeues 19329) 
      backlog 0b 0p requeues 19329
       maxpacket 13266 drop_overlimit 0 new_flow_count 8208 ecn_mark 0
       new_flows_len 0 old_flows_len 0
     qdisc mq 0: dev eth2 root 
      Sent 0 bytes 0 pkt (dropped 0, overlimits 0 requeues 0) 
      backlog 0b 0p requeues 0
     qdisc fq_codel 0: dev eth2 parent :2 limit 10240p flows 1024 quantum 1514 target 5ms interval 100ms memory_limit 32Mb ecn drop_batch 64 
      Sent 0 bytes 0 pkt (dropped 0, overlimits 0 requeues 0) 
      backlog 0b 0p requeues 0
       maxpacket 0 drop_overlimit 0 new_flow_count 0 ecn_mark 0
       new_flows_len 0 old_flows_len 0
     qdisc fq_codel 0: dev eth2 parent :1 limit 10240p flows 1024 quantum 1514 target 5ms interval 100ms memory_limit 32Mb ecn drop_batch 64 
      Sent 0 bytes 0 pkt (dropped 0, overlimits 0 requeues 0) 
      backlog 0b 0p requeues 0
       maxpacket 0 drop_overlimit 0 new_flow_count 0 ecn_mark 0
       new_flows_len 0 old_flows_len 0
     qdisc mq 0: dev eth3 root 
      Sent 0 bytes 0 pkt (dropped 0, overlimits 0 requeues 0) 
      backlog 0b 0p requeues 0
     qdisc fq_codel 0: dev eth3 parent :2 limit 10240p flows 1024 quantum 1514 target 5ms interval 100ms memory_limit 32Mb ecn drop_batch 64 
      Sent 0 bytes 0 pkt (dropped 0, overlimits 0 requeues 0) 
      backlog 0b 0p requeues 0
       maxpacket 0 drop_overlimit 0 new_flow_count 0 ecn_mark 0
       new_flows_len 0 old_flows_len 0
     qdisc fq_codel 0: dev eth3 parent :1 limit 10240p flows 1024 quantum 1514 target 5ms interval 100ms memory_limit 32Mb ecn drop_batch 64 
      Sent 0 bytes 0 pkt (dropped 0, overlimits 0 requeues 0) 
      backlog 0b 0p requeues 0
       maxpacket 0 drop_overlimit 0 new_flow_count 0 ecn_mark 0
       new_flows_len 0 old_flows_len 0
     qdisc noqueue 0: dev br-lan root refcnt 2 
      Sent 0 bytes 0 pkt (dropped 0, overlimits 0 requeues 0) 
      backlog 0b 0p requeues 0
     qdisc cake 800c: dev ifb4eth1 root refcnt 2 bandwidth 47Mbit besteffort triple-isolate nat wash no-ack-filter split-gso rtt 100ms atm overhead 44 
      Sent 60 bytes 1 pkt (dropped 0, overlimits 0 requeues 0) 
      backlog 0b 0p requeues 0
      memory used: 2304b of 4Mb
      capacity estimate: 47Mbit
      min/max network layer size:           46 /      46
      min/max overhead-adjusted size:      106 /     106
      active queues:                         0
      average network hdr offset:            0
     
                       Tin 0
       thresh         47Mbit
       target            5ms
       interval        100ms
       pk_delay          1us
       av_delay          0us
       sp_delay          0us
       backlog            0b
       pkts                1
       bytes              60
       way_inds            0
       way_miss            1
       way_cols            0
       drops               0
       marks               0
       ack_drop            0
       sp_flows            1
       bk_flows            0
       un_flows            0
       max_len            60
       quantum          1434
     
     
     ==== Nftables Ruleset (dscptag) ====
     
     ==== Custom Rules Table Status ====
     Custom rules table (qosmate_custom) is not active or doesn't exist.
     
     ==== Inline Rules Status ====
     No inline rules configured.

---------------------------------------------------------------
== 8. Bare path jitter
---------------------------------------------------------------
     --- 192.168.1.1 ping statistics ---
     10 packets transmitted, 10 packets received, 0% packet loss
     round-trip min/avg/max = 0.572/0.732/0.812 ms

---------------------------------------------------------------
DONE.
---------------------------------------------------------------
